// Jest Snapshot v1, https://goo.gl/fbAQLP

exports[`Missions renders Missions component 1`] = `
<div
  className="missions-container"
>
  <table
    className="table table-striped table-bordered table-hover"
  >
    <thead>
      <tr>
        <th>
          Mission
        </th>
        <th>
          Description
        </th>
        <th>
          Status
        </th>
        <th>
           
        </th>
      </tr>
    </thead>
    <tbody />
  </table>
</div>
`;
